ECHO is off.
ECHO is off.
INFO: [HLS 200-10] Running 'D:/Xilinx/Vitis_HLS/2023.2/bin/unwrapped/win64.o/vitis_hls.exe'
INFO: [HLS 200-10] For user 'PC' on host 'laptop-rm3j4mj6' (Windows NT_amd64 version 6.2) on Mon Jun 01 14:53:34 +0700 2026
INFO: [HLS 200-10] In directory 'C:/HOC/HW_SW/BAI4/4C'
INFO: [HLS 200-2053] The vitis_hls executable is being deprecated. Consider using vitis-run --mode hls --tcl
Sourcing Tcl script 'C:/HOC/HW_SW/BAI4/4C/hls_nco/solution1/export.tcl'
INFO: [HLS 200-1510] Running: source C:/HOC/HW_SW/BAI4/4C/hls_nco/solution1/export.tcl
INFO: [HLS 200-1510] Running: open_project hls_nco 
INFO: [HLS 200-10] Opening project 'C:/HOC/HW_SW/BAI4/4C/hls_nco'.
INFO: [HLS 200-1510] Running: set_top nco 
INFO: [HLS 200-1510] Running: add_files ../../../../Users/PC/Downloads/nco.cpp 
INFO: [HLS 200-10] Adding design file '../../../../Users/PC/Downloads/nco.cpp' to the project
INFO: [HLS 200-1510] Running: add_files -tb ../../../../Users/PC/Downloads/nco_tb.cpp 
INFO: [HLS 200-10] Adding test bench file '../../../../Users/PC/Downloads/nco_tb.cpp' to the project
INFO: [HLS 200-1510] Running: open_solution solution1 -flow_target vivado 
INFO: [HLS 200-10] Opening solution 'C:/HOC/HW_SW/BAI4/4C/hls_nco/solution1'.
INFO: [SYN 201-201] Setting up clock 'default' with a period of 10ns.
INFO: [HLS 200-1611] Setting target device to 'xc7z020-clg484-1'
INFO: [HLS 200-1505] Using flow_target 'vivado'
Resolution: For help on HLS 200-1505 see docs.xilinx.com/access/sources/dita/topic?Doc_Version=2023.2%20English&url=ug1448-hls-guidance&resourceid=200-1505.html
INFO: [HLS 200-1464] Running solution command: config_export -output=C:/HOC/HW_SW/BAI4/4C
INFO: [HLS 200-1510] Running: set_part xc7z020clg484-1 
INFO: [HLS 200-1510] Running: create_clock -period 10 -name default 
INFO: [SYN 201-201] Setting up clock 'default' with a period of 10ns.
INFO: [HLS 200-1510] Running: config_export -output C:/HOC/HW_SW/BAI4/4C 
INFO: [HLS 200-1510] Running: source ./hls_nco/solution1/directives.tcl
INFO: [HLS 200-1510] Running: set_directive_top -name nco nco 
INFO: [HLS 200-1510] Running: set_directive_interface -mode s_axilite nco 
INFO: [HLS 200-1510] Running: set_directive_interface -mode ap_ctrl_none nco 
INFO: [HLS 200-1510] Running: set_directive_interface -mode s_axilite nco sine_sample 
INFO: [HLS 200-1510] Running: set_directive_interface -mode s_axilite nco step_size 
INFO: [HLS 200-1510] Running: export_design -rtl verilog -format ip_catalog -output C:/HOC/HW_SW/BAI4/4C 
INFO: [IMPL 213-8] Exporting RTL as a Vivado IP.
ECHO is off.
ECHO is off.

****** Vivado v2023.2 (64-bit)
  **** SW Build 4029153 on Fri Oct 13 20:14:34 MDT 2023
  **** IP Build 4028589 on Sat Oct 14 00:45:43 MDT 2023
  **** SharedData Build 4025554 on Tue Oct 10 17:18:54 MDT 2023
    ** Copyright 1986-2022 Xilinx, Inc. All Rights Reserved.
    ** Copyright 2022-2023 Advanced Micro Devices, Inc. All Rights Reserved.

source run_ippack.tcl -notrace
ipx::create_core: Time (s): cpu = 00:00:06 ; elapsed = 00:00:06 . Memory (MB): peak = 481.898 ; gain = 178.484
INFO: [Common 17-206] Exiting Vivado at Mon Jun  1 14:53:49 2026...
INFO: [HLS 200-802] Generated output file export.zip
INFO: [HLS 200-111] Finished Command export_design CPU user time: 1 seconds. CPU system time: 0 seconds. Elapsed time: 14.103 seconds; current allocated memory: 7.395 MB.
INFO: [HLS 200-112] Total CPU user time: 2 seconds. Total CPU system time: 1 seconds. Total elapsed time: 15.947 seconds; peak allocated memory: 138.508 MB.
