
*** Running vivado
    with args -log led_test_system_wrapper.vdi -applog -m64 -product Vivado -messageDb vivado.pb -mode batch -source led_test_system_wrapper.tcl -notrace



****** Vivado v2022.2 (64-bit)
  **** SW Build 3671981 on Fri Oct 14 05:00:03 MDT 2022
  **** IP Build 3669848 on Fri Oct 14 08:30:02 MDT 2022
    ** Copyright 1986-2022 Xilinx, Inc. All Rights Reserved.

source led_test_system_wrapper.tcl -notrace
INFO: [IP_Flow 19-234] Refreshing IP repositories
INFO: [IP_Flow 19-1700] Loaded user IP repository 'c:/HOC/HW_SW/BAI4/ip_repo/led_controller_1_0'.
INFO: [IP_Flow 19-2313] Loaded Vivado IP repository 'C:/APP/VIVADO/Vivado/2022.2/data/ip'.
Command: link_design -top led_test_system_wrapper -part xc7z020clg484-1
Design is defaulting to srcset: sources_1
Design is defaulting to constrset: constrs_1
INFO: [Device 21-403] Loading part xc7z020clg484-1
INFO: [Project 1-454] Reading design checkpoint 'c:/HOC/HW_SW/BAI4/ip_repo/edit_led_controller_v1_0.gen/sources_1/bd/led_test_system/ip/led_test_system_led_controller_0_0/led_test_system_led_controller_0_0.dcp' for cell 'led_test_system_i/led_controller_0'
INFO: [Project 1-454] Reading design checkpoint 'c:/HOC/HW_SW/BAI4/ip_repo/edit_led_controller_v1_0.gen/sources_1/bd/led_test_system/ip/led_test_system_processing_system7_0_0/led_test_system_processing_system7_0_0.dcp' for cell 'led_test_system_i/processing_system7_0'
INFO: [Project 1-454] Reading design checkpoint 'c:/HOC/HW_SW/BAI4/ip_repo/edit_led_controller_v1_0.gen/sources_1/bd/led_test_system/ip/led_test_system_rst_ps7_0_50M_0/led_test_system_rst_ps7_0_50M_0.dcp' for cell 'led_test_system_i/rst_ps7_0_50M'
INFO: [Project 1-454] Reading design checkpoint 'c:/HOC/HW_SW/BAI4/ip_repo/edit_led_controller_v1_0.gen/sources_1/bd/led_test_system/ip/led_test_system_auto_pc_0/led_test_system_auto_pc_0.dcp' for cell 'led_test_system_i/ps7_0_axi_periph/s00_couplers/auto_pc'
Netlist sorting complete. Time (s): cpu = 00:00:00 ; elapsed = 00:00:00.023 . Memory (MB): peak = 861.672 ; gain = 0.000
INFO: [Netlist 29-17] Analyzing 18 Unisim elements for replacement
INFO: [Netlist 29-28] Unisim Transformation completed in 0 CPU seconds
INFO: [Project 1-479] Netlist was created with Vivado 2022.2
INFO: [Project 1-570] Preparing netlist for logic optimization
Parsing XDC File [c:/HOC/HW_SW/BAI4/ip_repo/edit_led_controller_v1_0.gen/sources_1/bd/led_test_system/ip/led_test_system_processing_system7_0_0/led_test_system_processing_system7_0_0.xdc] for cell 'led_test_system_i/processing_system7_0/inst'
Finished Parsing XDC File [c:/HOC/HW_SW/BAI4/ip_repo/edit_led_controller_v1_0.gen/sources_1/bd/led_test_system/ip/led_test_system_processing_system7_0_0/led_test_system_processing_system7_0_0.xdc] for cell 'led_test_system_i/processing_system7_0/inst'
Parsing XDC File [c:/HOC/HW_SW/BAI4/ip_repo/edit_led_controller_v1_0.gen/sources_1/bd/led_test_system/ip/led_test_system_rst_ps7_0_50M_0/led_test_system_rst_ps7_0_50M_0_board.xdc] for cell 'led_test_system_i/rst_ps7_0_50M/U0'
Finished Parsing XDC File [c:/HOC/HW_SW/BAI4/ip_repo/edit_led_controller_v1_0.gen/sources_1/bd/led_test_system/ip/led_test_system_rst_ps7_0_50M_0/led_test_system_rst_ps7_0_50M_0_board.xdc] for cell 'led_test_system_i/rst_ps7_0_50M/U0'
Parsing XDC File [c:/HOC/HW_SW/BAI4/ip_repo/edit_led_controller_v1_0.gen/sources_1/bd/led_test_system/ip/led_test_system_rst_ps7_0_50M_0/led_test_system_rst_ps7_0_50M_0.xdc] for cell 'led_test_system_i/rst_ps7_0_50M/U0'
Finished Parsing XDC File [c:/HOC/HW_SW/BAI4/ip_repo/edit_led_controller_v1_0.gen/sources_1/bd/led_test_system/ip/led_test_system_rst_ps7_0_50M_0/led_test_system_rst_ps7_0_50M_0.xdc] for cell 'led_test_system_i/rst_ps7_0_50M/U0'
Parsing XDC File [C:/HOC/HW_SW/BAI4/ip_repo/edit_led_controller_v1_0.srcs/constrs_1/new/led_constraints.xdc]
Finished Parsing XDC File [C:/HOC/HW_SW/BAI4/ip_repo/edit_led_controller_v1_0.srcs/constrs_1/new/led_constraints.xdc]
INFO: [Opt 31-138] Pushed 0 inverter(s) to 0 load pin(s).
Netlist sorting complete. Time (s): cpu = 00:00:00 ; elapsed = 00:00:00 . Memory (MB): peak = 1007.555 ; gain = 0.000
INFO: [Project 1-111] Unisim Transformation Summary:
No Unisim elements were transformed.

14 Infos, 0 Warnings, 0 Critical Warnings and 0 Errors encountered.
link_design completed successfully
link_design: Time (s): cpu = 00:00:05 ; elapsed = 00:00:07 . Memory (MB): peak = 1007.555 ; gain = 569.270
Command: opt_design
Attempting to get a license for feature 'Implementation' and/or device 'xc7z020'
INFO: [Common 17-349] Got license for feature 'Implementation' and/or device 'xc7z020'
Running DRC as a precondition to command opt_design

Starting DRC Task
INFO: [DRC 23-27] Running DRC with 2 threads
INFO: [Project 1-461] DRC finished with 0 Errors
INFO: [Project 1-462] Please refer to the DRC report (report_drc) for more information.

Time (s): cpu = 00:00:01 ; elapsed = 00:00:00.525 . Memory (MB): peak = 1034.195 ; gain = 26.641

Starting Cache Timing Information Task
INFO: [Timing 38-35] Done setting XDC timing constraints.
Ending Cache Timing Information Task | Checksum: c6023651

Time (s): cpu = 00:00:04 ; elapsed = 00:00:04 . Memory (MB): peak = 1561.250 ; gain = 527.055

Starting Logic Optimization Task

Phase 1 Retarget
INFO: [Opt 31-138] Pushed 0 inverter(s) to 0 load pin(s).
INFO: [Opt 31-49] Retargeted 0 cell(s).
Phase 1 Retarget | Checksum: 2bc6ec9b

Time (s): cpu = 00:00:00 ; elapsed = 00:00:00.062 . Memory (MB): peak = 1899.691 ; gain = 0.000
INFO: [Opt 31-389] Phase Retarget created 4 cells and removed 29 cells

Phase 2 Constant propagation
INFO: [Opt 31-138] Pushed 0 inverter(s) to 0 load pin(s).
Phase 2 Constant propagation | Checksum: 20225655

Time (s): cpu = 00:00:00 ; elapsed = 00:00:00.069 . Memory (MB): peak = 1899.691 ; gain = 0.000
INFO: [Opt 31-389] Phase Constant propagation created 0 cells and removed 8 cells

Phase 3 Sweep
Phase 3 Sweep | Checksum: 70bc286e

Time (s): cpu = 00:00:01 ; elapsed = 00:00:00.145 . Memory (MB): peak = 1899.691 ; gain = 0.000
INFO: [Opt 31-389] Phase Sweep created 8 cells and removed 297 cells

Phase 4 BUFG optimization
Phase 4 BUFG optimization | Checksum: 70bc286e

Time (s): cpu = 00:00:01 ; elapsed = 00:00:00.178 . Memory (MB): peak = 1899.691 ; gain = 0.000
INFO: [Opt 31-662] Phase BUFG optimization created 0 cells of which 0 are BUFGs and removed 0 cells.

Phase 5 Shift Register Optimization
INFO: [Opt 31-1064] SRL Remap converted 0 SRLs to 0 registers and converted 0 registers of register chains to 0 SRLs
Phase 5 Shift Register Optimization | Checksum: 70bc286e

Time (s): cpu = 00:00:01 ; elapsed = 00:00:00.182 . Memory (MB): peak = 1899.691 ; gain = 0.000
INFO: [Opt 31-389] Phase Shift Register Optimization created 0 cells and removed 0 cells

Phase 6 Post Processing Netlist
Phase 6 Post Processing Netlist | Checksum: 1d293cd6

Time (s): cpu = 00:00:01 ; elapsed = 00:00:00.189 . Memory (MB): peak = 1899.691 ; gain = 0.000
INFO: [Opt 31-389] Phase Post Processing Netlist created 0 cells and removed 0 cells
Opt_design Change Summary
=========================


-------------------------------------------------------------------------------------------------------------------------
|  Phase                        |  #Cells created  |  #Cells Removed  |  #Constrained objects preventing optimizations  |
-------------------------------------------------------------------------------------------------------------------------
|  Retarget                     |               4  |              29  |                                              0  |
|  Constant propagation         |               0  |               8  |                                              0  |
|  Sweep                        |               8  |             297  |                                              0  |
|  BUFG optimization            |               0  |               0  |                                              0  |
|  Shift Register Optimization  |               0  |               0  |                                              0  |
|  Post Processing Netlist      |               0  |               0  |                                              0  |
-------------------------------------------------------------------------------------------------------------------------



Starting Connectivity Check Task

Time (s): cpu = 00:00:00 ; elapsed = 00:00:00.002 . Memory (MB): peak = 1899.691 ; gain = 0.000
Ending Logic Optimization Task | Checksum: 1a263441c

Time (s): cpu = 00:00:01 ; elapsed = 00:00:00.229 . Memory (MB): peak = 1899.691 ; gain = 0.000

Starting Power Optimization Task
INFO: [Pwropt 34-132] Skipping clock gating for clocks with a period < 2.00 ns.
Ending Power Optimization Task | Checksum: 1a263441c

Time (s): cpu = 00:00:00 ; elapsed = 00:00:00.008 . Memory (MB): peak = 1899.691 ; gain = 0.000

Starting Final Cleanup Task
Ending Final Cleanup Task | Checksum: 1a263441c

Time (s): cpu = 00:00:00 ; elapsed = 00:00:00.001 . Memory (MB): peak = 1899.691 ; gain = 0.000

Starting Netlist Obfuscation Task
Netlist sorting complete. Time (s): cpu = 00:00:00 ; elapsed = 00:00:00 . Memory (MB): peak = 1899.691 ; gain = 0.000
Ending Netlist Obfuscation Task | Checksum: 1a263441c

Time (s): cpu = 00:00:00 ; elapsed = 00:00:00.002 . Memory (MB): peak = 1899.691 ; gain = 0.000
INFO: [Common 17-83] Releasing license: Implementation
31 Infos, 0 Warnings, 0 Critical Warnings and 0 Errors encountered.
opt_design completed successfully
opt_design: Time (s): cpu = 00:00:07 ; elapsed = 00:00:07 . Memory (MB): peak = 1899.691 ; gain = 892.137
INFO: [Timing 38-480] Writing timing data to binary archive.
Writing XDEF routing.
Writing XDEF routing logical nets.
Writing XDEF routing special nets.
Write XDEF Complete: Time (s): cpu = 00:00:00 ; elapsed = 00:00:00.050 . Memory (MB): peak = 1899.691 ; gain = 0.000
INFO: [Common 17-1381] The checkpoint 'C:/HOC/HW_SW/BAI4/ip_repo/edit_led_controller_v1_0.runs/impl_1/led_test_system_wrapper_opt.dcp' has been generated.
INFO: [runtcl-4] Executing : report_drc -file led_test_system_wrapper_drc_opted.rpt -pb led_test_system_wrapper_drc_opted.pb -rpx led_test_system_wrapper_drc_opted.rpx
Command: report_drc -file led_test_system_wrapper_drc_opted.rpt -pb led_test_system_wrapper_drc_opted.pb -rpx led_test_system_wrapper_drc_opted.rpx
INFO: [IP_Flow 19-1839] IP Catalog is up to date.
INFO: [DRC 23-27] Running DRC with 2 threads
INFO: [Vivado_Tcl 2-168] The results of DRC are in file C:/HOC/HW_SW/BAI4/ip_repo/edit_led_controller_v1_0.runs/impl_1/led_test_system_wrapper_drc_opted.rpt.
report_drc completed successfully
Command: place_design
Attempting to get a license for feature 'Implementation' and/or device 'xc7z020'
INFO: [Common 17-349] Got license for feature 'Implementation' and/or device 'xc7z020'
INFO: [DRC 23-27] Running DRC with 2 threads
INFO: [Vivado_Tcl 4-198] DRC finished with 0 Errors
INFO: [Vivado_Tcl 4-199] Please refer to the DRC report (report_drc) for more information.
Running DRC as a precondition to command place_design
INFO: [DRC 23-27] Running DRC with 2 threads
INFO: [Vivado_Tcl 4-198] DRC finished with 0 Errors
INFO: [Vivado_Tcl 4-199] Please refer to the DRC report (report_drc) for more information.

Starting Placer Task
INFO: [Place 30-611] Multithreading enabled for place_design using a maximum of 2 CPUs

Phase 1 Placer Initialization

Phase 1.1 Placer Initialization Netlist Sorting
Netlist sorting complete. Time (s): cpu = 00:00:00 ; elapsed = 00:00:00 . Memory (MB): peak = 1899.691 ; gain = 0.000
Phase 1.1 Placer Initialization Netlist Sorting | Checksum: bba7bfe1

Time (s): cpu = 00:00:00 ; elapsed = 00:00:00.006 . Memory (MB): peak = 1899.691 ; gain = 0.000
Netlist sorting complete. Time (s): cpu = 00:00:00 ; elapsed = 00:00:00.001 . Memory (MB): peak = 1899.691 ; gain = 0.000

Phase 1.2 IO Placement/ Clock Placement/ Build Placer Device
INFO: [Timing 38-35] Done setting XDC timing constraints.
Phase 1.2 IO Placement/ Clock Placement/ Build Placer Device | Checksum: fd064b5c

Time (s): cpu = 00:00:01 ; elapsed = 00:00:00.299 . Memory (MB): peak = 1899.691 ; gain = 0.000

Phase 1.3 Build Placer Netlist Model
Phase 1.3 Build Placer Netlist Model | Checksum: 1651f6119

Time (s): cpu = 00:00:01 ; elapsed = 00:00:00.444 . Memory (MB): peak = 1899.691 ; gain = 0.000

Phase 1.4 Constrain Clocks/Macros
Phase 1.4 Constrain Clocks/Macros | Checksum: 1651f6119

Time (s): cpu = 00:00:01 ; elapsed = 00:00:00.446 . Memory (MB): peak = 1899.691 ; gain = 0.000
Phase 1 Placer Initialization | Checksum: 1651f6119

Time (s): cpu = 00:00:01 ; elapsed = 00:00:00.450 . Memory (MB): peak = 1899.691 ; gain = 0.000

Phase 2 Global Placement

Phase 2.1 Floorplanning
Phase 2.1 Floorplanning | Checksum: 17f766271

Time (s): cpu = 00:00:01 ; elapsed = 00:00:00.531 . Memory (MB): peak = 1899.691 ; gain = 0.000

Phase 2.2 Update Timing before SLR Path Opt
Phase 2.2 Update Timing before SLR Path Opt | Checksum: 136a686dd

Time (s): cpu = 00:00:01 ; elapsed = 00:00:00.585 . Memory (MB): peak = 1899.691 ; gain = 0.000

Phase 2.3 Post-Processing in Floorplanning
Phase 2.3 Post-Processing in Floorplanning | Checksum: 136a686dd

Time (s): cpu = 00:00:01 ; elapsed = 00:00:00.588 . Memory (MB): peak = 1899.691 ; gain = 0.000

Phase 2.4 Global Placement Core

Phase 2.4.1 UpdateTiming Before Physical Synthesis
Phase 2.4.1 UpdateTiming Before Physical Synthesis | Checksum: 111f3ddb9

Time (s): cpu = 00:00:02 ; elapsed = 00:00:02 . Memory (MB): peak = 1899.691 ; gain = 0.000

Phase 2.4.2 Physical Synthesis In Placer
INFO: [Physopt 32-1035] Found 0 LUTNM shape to break, 29 LUT instances to create LUTNM shape
INFO: [Physopt 32-1044] Break lutnm for timing: one critical 0, two critical 0, total 0, new lutff created 0
INFO: [Physopt 32-1138] End 1 Pass. Optimized 13 nets or LUTs. Breaked 0 LUT, combined 13 existing LUTs and moved 0 existing LUT
INFO: [Physopt 32-65] No nets found for high-fanout optimization.
INFO: [Physopt 32-232] Optimized 0 net. Created 0 new instance.
INFO: [Physopt 32-775] End 1 Pass. Optimized 0 net or cell. Created 0 new cell, deleted 0 existing cell and moved 0 existing cell
INFO: [Physopt 32-670] No setup violation found.  DSP Register Optimization was not performed.
INFO: [Physopt 32-670] No setup violation found.  Shift Register to Pipeline Optimization was not performed.
INFO: [Physopt 32-670] No setup violation found.  Shift Register Optimization was not performed.
INFO: [Physopt 32-670] No setup violation found.  BRAM Register Optimization was not performed.
INFO: [Physopt 32-670] No setup violation found.  URAM Register Optimization was not performed.
INFO: [Physopt 32-949] No candidate nets found for dynamic/static region interface net replication
INFO: [Physopt 32-775] End 1 Pass. Optimized 0 net or cell. Created 0 new cell, deleted 0 existing cell and moved 0 existing cell
Netlist sorting complete. Time (s): cpu = 00:00:00 ; elapsed = 00:00:00.001 . Memory (MB): peak = 1899.691 ; gain = 0.000

Summary of Physical Synthesis Optimizations
============================================


-----------------------------------------------------------------------------------------------------------------------------------------------------------
|  Optimization                                     |  Added Cells  |  Removed Cells  |  Optimized Cells/Nets  |  Dont Touch  |  Iterations  |  Elapsed   |
-----------------------------------------------------------------------------------------------------------------------------------------------------------
|  LUT Combining                                    |            0  |             13  |                    13  |           0  |           1  |  00:00:00  |
|  Retime                                           |            0  |              0  |                     0  |           0  |           1  |  00:00:00  |
|  Very High Fanout                                 |            0  |              0  |                     0  |           0  |           1  |  00:00:00  |
|  DSP Register                                     |            0  |              0  |                     0  |           0  |           0  |  00:00:00  |
|  Shift Register to Pipeline                       |            0  |              0  |                     0  |           0  |           0  |  00:00:00  |
|  Shift Register                                   |            0  |              0  |                     0  |           0  |           0  |  00:00:00  |
|  BRAM Register                                    |            0  |              0  |                     0  |           0  |           0  |  00:00:00  |
|  URAM Register                                    |            0  |              0  |                     0  |           0  |           0  |  00:00:00  |
|  Dynamic/Static Region Interface Net Replication  |            0  |              0  |                     0  |           0  |           1  |  00:00:00  |
|  Total                                            |            0  |             13  |                    13  |           0  |           4  |  00:00:00  |
-----------------------------------------------------------------------------------------------------------------------------------------------------------


Phase 2.4.2 Physical Synthesis In Placer | Checksum: 15b2964cc

Time (s): cpu = 00:00:03 ; elapsed = 00:00:02 . Memory (MB): peak = 1899.691 ; gain = 0.000
Phase 2.4 Global Placement Core | Checksum: cac6da7a

Time (s): cpu = 00:00:03 ; elapsed = 00:00:02 . Memory (MB): peak = 1899.691 ; gain = 0.000
Phase 2 Global Placement | Checksum: cac6da7a

Time (s): cpu = 00:00:03 ; elapsed = 00:00:02 . Memory (MB): peak = 1899.691 ; gain = 0.000

Phase 3 Detail Placement

Phase 3.1 Commit Multi Column Macros
Phase 3.1 Commit Multi Column Macros | Checksum: 17715dd1b

Time (s): cpu = 00:00:03 ; elapsed = 00:00:02 . Memory (MB): peak = 1899.691 ; gain = 0.000

Phase 3.2 Commit Most Macros & LUTRAMs
Phase 3.2 Commit Most Macros & LUTRAMs | Checksum: 197fe1f3b

Time (s): cpu = 00:00:03 ; elapsed = 00:00:02 . Memory (MB): peak = 1899.691 ; gain = 0.000

Phase 3.3 Area Swap Optimization
Phase 3.3 Area Swap Optimization | Checksum: 16f93e98e

Time (s): cpu = 00:00:03 ; elapsed = 00:00:02 . Memory (MB): peak = 1899.691 ; gain = 0.000

Phase 3.4 Pipeline Register Optimization
Phase 3.4 Pipeline Register Optimization | Checksum: 14bec5596

Time (s): cpu = 00:00:03 ; elapsed = 00:00:02 . Memory (MB): peak = 1899.691 ; gain = 0.000

Phase 3.5 Small Shape Detail Placement
Phase 3.5 Small Shape Detail Placement | Checksum: 18b9a1d0b

Time (s): cpu = 00:00:03 ; elapsed = 00:00:02 . Memory (MB): peak = 1899.691 ; gain = 0.000

Phase 3.6 Re-assign LUT pins
Phase 3.6 Re-assign LUT pins | Checksum: b7a62565

Time (s): cpu = 00:00:03 ; elapsed = 00:00:02 . Memory (MB): peak = 1899.691 ; gain = 0.000

Phase 3.7 Pipeline Register Optimization
Phase 3.7 Pipeline Register Optimization | Checksum: 890d715d

Time (s): cpu = 00:00:03 ; elapsed = 00:00:02 . Memory (MB): peak = 1899.691 ; gain = 0.000
Phase 3 Detail Placement | Checksum: 890d715d

Time (s): cpu = 00:00:03 ; elapsed = 00:00:02 . Memory (MB): peak = 1899.691 ; gain = 0.000

Phase 4 Post Placement Optimization and Clean-Up

Phase 4.1 Post Commit Optimization
INFO: [Timing 38-35] Done setting XDC timing constraints.

Phase 4.1.1 Post Placement Optimization
Post Placement Optimization Initialization | Checksum: 128f56135

Phase 4.1.1.1 BUFG Insertion

Starting Physical Synthesis Task

Phase 1 Physical Synthesis Initialization
INFO: [Physopt 32-721] Multithreading enabled for phys_opt_design using a maximum of 2 CPUs
INFO: [Physopt 32-619] Estimated Timing Summary | WNS=12.482 | TNS=0.000 |
Phase 1 Physical Synthesis Initialization | Checksum: 1ff4527bb

Time (s): cpu = 00:00:00 ; elapsed = 00:00:00.027 . Memory (MB): peak = 1899.691 ; gain = 0.000
INFO: [Place 46-56] BUFG insertion identified 0 candidate nets. Inserted BUFG: 0, Replicated BUFG Driver: 0, Skipped due to Placement/Routing Conflicts: 0, Skipped due to Timing Degradation: 0, Skipped due to Illegal Netlist: 0.
Ending Physical Synthesis Task | Checksum: 16d8b5260

Time (s): cpu = 00:00:00 ; elapsed = 00:00:00.033 . Memory (MB): peak = 1899.691 ; gain = 0.000
Phase 4.1.1.1 BUFG Insertion | Checksum: 128f56135

Time (s): cpu = 00:00:03 ; elapsed = 00:00:02 . Memory (MB): peak = 1899.691 ; gain = 0.000

Phase 4.1.1.2 Post Placement Timing Optimization
INFO: [Place 30-746] Post Placement Timing Summary WNS=12.482. For the most accurate timing information please run report_timing.
Phase 4.1.1.2 Post Placement Timing Optimization | Checksum: 15d48feea

Time (s): cpu = 00:00:03 ; elapsed = 00:00:02 . Memory (MB): peak = 1899.691 ; gain = 0.000

Time (s): cpu = 00:00:03 ; elapsed = 00:00:02 . Memory (MB): peak = 1899.691 ; gain = 0.000
Phase 4.1 Post Commit Optimization | Checksum: 15d48feea

Time (s): cpu = 00:00:03 ; elapsed = 00:00:02 . Memory (MB): peak = 1899.691 ; gain = 0.000

Phase 4.2 Post Placement Cleanup
Phase 4.2 Post Placement Cleanup | Checksum: 15d48feea

Time (s): cpu = 00:00:03 ; elapsed = 00:00:02 . Memory (MB): peak = 1899.691 ; gain = 0.000

Phase 4.3 Placer Reporting

Phase 4.3.1 Print Estimated Congestion
INFO: [Place 30-612] Post-Placement Estimated Congestion 
 ____________________________________________________
|           | Global Congestion | Short Congestion  |
| Direction | Region Size       | Region Size       |
|___________|___________________|___________________|
|      North|                1x1|                1x1|
|___________|___________________|___________________|
|      South|                1x1|                1x1|
|___________|___________________|___________________|
|       East|                1x1|                1x1|
|___________|___________________|___________________|
|       West|                1x1|                1x1|
|___________|___________________|___________________|

Phase 4.3.1 Print Estimated Congestion | Checksum: 15d48feea

Time (s): cpu = 00:00:03 ; elapsed = 00:00:02 . Memory (MB): peak = 1899.691 ; gain = 0.000
Phase 4.3 Placer Reporting | Checksum: 15d48feea

Time (s): cpu = 00:00:03 ; elapsed = 00:00:02 . Memory (MB): peak = 1899.691 ; gain = 0.000

Phase 4.4 Final Placement Cleanup
Netlist sorting complete. Time (s): cpu = 00:00:00 ; elapsed = 00:00:00.001 . Memory (MB): peak = 1899.691 ; gain = 0.000

Time (s): cpu = 00:00:03 ; elapsed = 00:00:02 . Memory (MB): peak = 1899.691 ; gain = 0.000
Phase 4 Post Placement Optimization and Clean-Up | Checksum: 1220a0457

Time (s): cpu = 00:00:03 ; elapsed = 00:00:02 . Memory (MB): peak = 1899.691 ; gain = 0.000
Ending Placer Task | Checksum: 4b90d392

Time (s): cpu = 00:00:03 ; elapsed = 00:00:02 . Memory (MB): peak = 1899.691 ; gain = 0.000
INFO: [Common 17-83] Releasing license: Implementation
66 Infos, 0 Warnings, 0 Critical Warnings and 0 Errors encountered.
place_design completed successfully
INFO: [Timing 38-480] Writing timing data to binary archive.
Writing XDEF routing.
Writing XDEF routing logical nets.
Writing XDEF routing special nets.
Write XDEF Complete: Time (s): cpu = 00:00:01 ; elapsed = 00:00:00.106 . Memory (MB): peak = 1899.691 ; gain = 0.000
INFO: [Common 17-1381] The checkpoint 'C:/HOC/HW_SW/BAI4/ip_repo/edit_led_controller_v1_0.runs/impl_1/led_test_system_wrapper_placed.dcp' has been generated.
INFO: [runtcl-4] Executing : report_io -file led_test_system_wrapper_io_placed.rpt
report_io: Time (s): cpu = 00:00:00 ; elapsed = 00:00:00.042 . Memory (MB): peak = 1899.691 ; gain = 0.000
INFO: [runtcl-4] Executing : report_utilization -file led_test_system_wrapper_utilization_placed.rpt -pb led_test_system_wrapper_utilization_placed.pb
INFO: [runtcl-4] Executing : report_control_sets -verbose -file led_test_system_wrapper_control_sets_placed.rpt
report_control_sets: Time (s): cpu = 00:00:00 ; elapsed = 00:00:00.003 . Memory (MB): peak = 1899.691 ; gain = 0.000
Command: phys_opt_design
Attempting to get a license for feature 'Implementation' and/or device 'xc7z020'
INFO: [Common 17-349] Got license for feature 'Implementation' and/or device 'xc7z020'

Starting Initial Update Timing Task

Time (s): cpu = 00:00:00 ; elapsed = 00:00:00.075 . Memory (MB): peak = 1903.648 ; gain = 3.957
INFO: [Vivado_Tcl 4-383] Design worst setup slack (WNS) is greater than or equal to 0.000 ns. Skipping all physical synthesis optimizations.
INFO: [Vivado_Tcl 4-232] No setup violation found. The netlist was not modified.
INFO: [Common 17-83] Releasing license: Implementation
75 Infos, 0 Warnings, 0 Critical Warnings and 0 Errors encountered.
phys_opt_design completed successfully
INFO: [Timing 38-480] Writing timing data to binary archive.
Writing XDEF routing.
Writing XDEF routing logical nets.
Writing XDEF routing special nets.
Write XDEF Complete: Time (s): cpu = 00:00:00 ; elapsed = 00:00:00.099 . Memory (MB): peak = 1921.504 ; gain = 17.855
INFO: [Common 17-1381] The checkpoint 'C:/HOC/HW_SW/BAI4/ip_repo/edit_led_controller_v1_0.runs/impl_1/led_test_system_wrapper_physopt.dcp' has been generated.
Command: route_design
Attempting to get a license for feature 'Implementation' and/or device 'xc7z020'
INFO: [Common 17-349] Got license for feature 'Implementation' and/or device 'xc7z020'
Running DRC as a precondition to command route_design
INFO: [DRC 23-27] Running DRC with 2 threads
INFO: [Vivado_Tcl 4-198] DRC finished with 0 Errors
INFO: [Vivado_Tcl 4-199] Please refer to the DRC report (report_drc) for more information.


Starting Routing Task
INFO: [Route 35-254] Multithreading enabled for route_design using a maximum of 2 CPUs

Phase 1 Build RT Design
Checksum: PlaceDB: 106bbdb5 ConstDB: 0 ShapeSum: 3b2515dd RouteDB: 0
Post Restoration Checksum: NetGraph: ba9df640 NumContArr: 8444ec64 Constraints: 0 Timing: 0
Phase 1 Build RT Design | Checksum: 13ee2e2a4

Time (s): cpu = 00:00:15 ; elapsed = 00:00:14 . Memory (MB): peak = 2018.281 ; gain = 87.668

Phase 2 Router Initialization

Phase 2.1 Fix Topology Constraints
Phase 2.1 Fix Topology Constraints | Checksum: 13ee2e2a4

Time (s): cpu = 00:00:15 ; elapsed = 00:00:14 . Memory (MB): peak = 2024.934 ; gain = 94.320

Phase 2.2 Pre Route Cleanup
Phase 2.2 Pre Route Cleanup | Checksum: 13ee2e2a4

Time (s): cpu = 00:00:15 ; elapsed = 00:00:14 . Memory (MB): peak = 2024.934 ; gain = 94.320
 Number of Nodes with overlaps = 0

Phase 2.3 Update Timing
Phase 2.3 Update Timing | Checksum: ccedde36

Time (s): cpu = 00:00:16 ; elapsed = 00:00:14 . Memory (MB): peak = 2048.004 ; gain = 117.391
INFO: [Route 35-416] Intermediate Timing Summary | WNS=12.641 | TNS=0.000  | WHS=-0.175 | THS=-14.695|


Router Utilization Summary
  Global Vertical Routing Utilization    = 0 %
  Global Horizontal Routing Utilization  = 0 %
  Routable Net Status*
  *Does not include unroutable nets such as driverless and loadless.
  Run report_route_status for detailed report.
  Number of Failed Nets               = 1069
    (Failed Nets is the sum of unrouted and partially routed nets)
  Number of Unrouted Nets             = 1069
  Number of Partially Routed Nets     = 0
  Number of Node Overlaps             = 0

Phase 2 Router Initialization | Checksum: 4854f6b1

Time (s): cpu = 00:00:16 ; elapsed = 00:00:14 . Memory (MB): peak = 2048.004 ; gain = 117.391

Phase 3 Initial Routing

Phase 3.1 Global Routing
Phase 3.1 Global Routing | Checksum: 4854f6b1

Time (s): cpu = 00:00:16 ; elapsed = 00:00:14 . Memory (MB): peak = 2048.004 ; gain = 117.391
Phase 3 Initial Routing | Checksum: 171be1960

Time (s): cpu = 00:00:16 ; elapsed = 00:00:14 . Memory (MB): peak = 2048.004 ; gain = 117.391

Phase 4 Rip-up And Reroute

Phase 4.1 Global Iteration 0
 Number of Nodes with overlaps = 51
 Number of Nodes with overlaps = 0
INFO: [Route 35-416] Intermediate Timing Summary | WNS=12.642 | TNS=0.000  | WHS=N/A    | THS=N/A    |

Phase 4.1 Global Iteration 0 | Checksum: 2344c4e50

Time (s): cpu = 00:00:16 ; elapsed = 00:00:14 . Memory (MB): peak = 2048.004 ; gain = 117.391

Phase 4.2 Global Iteration 1
 Number of Nodes with overlaps = 1
 Number of Nodes with overlaps = 0
INFO: [Route 35-416] Intermediate Timing Summary | WNS=12.642 | TNS=0.000  | WHS=N/A    | THS=N/A    |

Phase 4.2 Global Iteration 1 | Checksum: 1256a0d26

Time (s): cpu = 00:00:16 ; elapsed = 00:00:14 . Memory (MB): peak = 2048.004 ; gain = 117.391
Phase 4 Rip-up And Reroute | Checksum: 1256a0d26

Time (s): cpu = 00:00:16 ; elapsed = 00:00:14 . Memory (MB): peak = 2048.004 ; gain = 117.391

Phase 5 Delay and Skew Optimization

Phase 5.1 Delay CleanUp
Phase 5.1 Delay CleanUp | Checksum: 1256a0d26

Time (s): cpu = 00:00:16 ; elapsed = 00:00:14 . Memory (MB): peak = 2048.004 ; gain = 117.391

Phase 5.2 Clock Skew Optimization
Phase 5.2 Clock Skew Optimization | Checksum: 1256a0d26

Time (s): cpu = 00:00:16 ; elapsed = 00:00:14 . Memory (MB): peak = 2048.004 ; gain = 117.391
Phase 5 Delay and Skew Optimization | Checksum: 1256a0d26

Time (s): cpu = 00:00:16 ; elapsed = 00:00:14 . Memory (MB): peak = 2048.004 ; gain = 117.391

Phase 6 Post Hold Fix

Phase 6.1 Hold Fix Iter

Phase 6.1.1 Update Timing
Phase 6.1.1 Update Timing | Checksum: 1dfe5f41d

Time (s): cpu = 00:00:16 ; elapsed = 00:00:14 . Memory (MB): peak = 2048.004 ; gain = 117.391
INFO: [Route 35-416] Intermediate Timing Summary | WNS=12.656 | TNS=0.000  | WHS=0.058  | THS=0.000  |

Phase 6.1 Hold Fix Iter | Checksum: 17904edf9

Time (s): cpu = 00:00:16 ; elapsed = 00:00:14 . Memory (MB): peak = 2048.004 ; gain = 117.391
Phase 6 Post Hold Fix | Checksum: 17904edf9

Time (s): cpu = 00:00:16 ; elapsed = 00:00:14 . Memory (MB): peak = 2048.004 ; gain = 117.391

Phase 7 Route finalize

Router Utilization Summary
  Global Vertical Routing Utilization    = 0.131511 %
  Global Horizontal Routing Utilization  = 0.168103 %
  Routable Net Status*
  *Does not include unroutable nets such as driverless and loadless.
  Run report_route_status for detailed report.
  Number of Failed Nets               = 0
    (Failed Nets is the sum of unrouted and partially routed nets)
  Number of Unrouted Nets             = 0
  Number of Partially Routed Nets     = 0
  Number of Node Overlaps             = 0

Phase 7 Route finalize | Checksum: 1d698bd64

Time (s): cpu = 00:00:16 ; elapsed = 00:00:14 . Memory (MB): peak = 2048.004 ; gain = 117.391

Phase 8 Verifying routed nets

 Verification completed successfully
Phase 8 Verifying routed nets | Checksum: 1d698bd64

Time (s): cpu = 00:00:16 ; elapsed = 00:00:14 . Memory (MB): peak = 2048.004 ; gain = 117.391

Phase 9 Depositing Routes
Phase 9 Depositing Routes | Checksum: 1f8ae75ed

Time (s): cpu = 00:00:16 ; elapsed = 00:00:15 . Memory (MB): peak = 2048.004 ; gain = 117.391

Phase 10 Post Router Timing
INFO: [Route 35-57] Estimated Timing Summary | WNS=12.656 | TNS=0.000  | WHS=0.058  | THS=0.000  |

INFO: [Route 35-327] The final timing numbers are based on the router estimated timing analysis. For a complete and accurate timing signoff, please run report_timing_summary.
Phase 10 Post Router Timing | Checksum: 1f8ae75ed

Time (s): cpu = 00:00:17 ; elapsed = 00:00:15 . Memory (MB): peak = 2048.004 ; gain = 117.391
INFO: [Route 35-16] Router Completed Successfully

Time (s): cpu = 00:00:17 ; elapsed = 00:00:15 . Memory (MB): peak = 2048.004 ; gain = 117.391

Routing Is Done.
INFO: [Common 17-83] Releasing license: Implementation
90 Infos, 0 Warnings, 0 Critical Warnings and 0 Errors encountered.
route_design completed successfully
route_design: Time (s): cpu = 00:00:18 ; elapsed = 00:00:15 . Memory (MB): peak = 2048.004 ; gain = 126.500
INFO: [Timing 38-480] Writing timing data to binary archive.
Writing XDEF routing.
Writing XDEF routing logical nets.
Writing XDEF routing special nets.
Write XDEF Complete: Time (s): cpu = 00:00:00 ; elapsed = 00:00:00.107 . Memory (MB): peak = 2054.027 ; gain = 6.023
INFO: [Common 17-1381] The checkpoint 'C:/HOC/HW_SW/BAI4/ip_repo/edit_led_controller_v1_0.runs/impl_1/led_test_system_wrapper_routed.dcp' has been generated.
INFO: [runtcl-4] Executing : report_drc -file led_test_system_wrapper_drc_routed.rpt -pb led_test_system_wrapper_drc_routed.pb -rpx led_test_system_wrapper_drc_routed.rpx
Command: report_drc -file led_test_system_wrapper_drc_routed.rpt -pb led_test_system_wrapper_drc_routed.pb -rpx led_test_system_wrapper_drc_routed.rpx
INFO: [IP_Flow 19-1839] IP Catalog is up to date.
INFO: [DRC 23-27] Running DRC with 2 threads
INFO: [Vivado_Tcl 2-168] The results of DRC are in file C:/HOC/HW_SW/BAI4/ip_repo/edit_led_controller_v1_0.runs/impl_1/led_test_system_wrapper_drc_routed.rpt.
report_drc completed successfully
INFO: [runtcl-4] Executing : report_methodology -file led_test_system_wrapper_methodology_drc_routed.rpt -pb led_test_system_wrapper_methodology_drc_routed.pb -rpx led_test_system_wrapper_methodology_drc_routed.rpx
Command: report_methodology -file led_test_system_wrapper_methodology_drc_routed.rpt -pb led_test_system_wrapper_methodology_drc_routed.pb -rpx led_test_system_wrapper_methodology_drc_routed.rpx
INFO: [Timing 38-35] Done setting XDC timing constraints.
INFO: [DRC 23-133] Running Methodology with 2 threads
INFO: [Vivado_Tcl 2-1520] The results of Report Methodology are in file C:/HOC/HW_SW/BAI4/ip_repo/edit_led_controller_v1_0.runs/impl_1/led_test_system_wrapper_methodology_drc_routed.rpt.
report_methodology completed successfully
INFO: [runtcl-4] Executing : report_power -file led_test_system_wrapper_power_routed.rpt -pb led_test_system_wrapper_power_summary_routed.pb -rpx led_test_system_wrapper_power_routed.rpx
Command: report_power -file led_test_system_wrapper_power_routed.rpt -pb led_test_system_wrapper_power_summary_routed.pb -rpx led_test_system_wrapper_power_routed.rpx
INFO: [Timing 38-35] Done setting XDC timing constraints.
Running Vector-less Activity Propagation...

Finished Running Vector-less Activity Propagation
102 Infos, 0 Warnings, 0 Critical Warnings and 0 Errors encountered.
report_power completed successfully
INFO: [runtcl-4] Executing : report_route_status -file led_test_system_wrapper_route_status.rpt -pb led_test_system_wrapper_route_status.pb
INFO: [runtcl-4] Executing : report_timing_summary -max_paths 10 -report_unconstrained -file led_test_system_wrapper_timing_summary_routed.rpt -pb led_test_system_wrapper_timing_summary_routed.pb -rpx led_test_system_wrapper_timing_summary_routed.rpx -warn_on_violation 
INFO: [Timing 38-91] UpdateTimingParams: Speed grade: -1, Delay Type: min_max.
INFO: [Timing 38-191] Multithreading enabled for timing update using a maximum of 2 CPUs
INFO: [runtcl-4] Executing : report_incremental_reuse -file led_test_system_wrapper_incremental_reuse_routed.rpt
INFO: [Vivado_Tcl 4-1062] Incremental flow is disabled. No incremental reuse Info to report.
INFO: [runtcl-4] Executing : report_clock_utilization -file led_test_system_wrapper_clock_utilization_routed.rpt
INFO: [runtcl-4] Executing : report_bus_skew -warn_on_violation -file led_test_system_wrapper_bus_skew_routed.rpt -pb led_test_system_wrapper_bus_skew_routed.pb -rpx led_test_system_wrapper_bus_skew_routed.rpx
INFO: [Timing 38-91] UpdateTimingParams: Speed grade: -1, Delay Type: min_max.
INFO: [Timing 38-191] Multithreading enabled for timing update using a maximum of 2 CPUs
INFO: [Common 17-206] Exiting Vivado at Mon Jun  1 14:28:18 2026...

*** Running vivado
    with args -log led_test_system_wrapper.vdi -applog -m64 -product Vivado -messageDb vivado.pb -mode batch -source led_test_system_wrapper.tcl -notrace



****** Vivado v2022.2 (64-bit)
  **** SW Build 3671981 on Fri Oct 14 05:00:03 MDT 2022
  **** IP Build 3669848 on Fri Oct 14 08:30:02 MDT 2022
    ** Copyright 1986-2022 Xilinx, Inc. All Rights Reserved.

source led_test_system_wrapper.tcl -notrace
Command: open_checkpoint led_test_system_wrapper_routed.dcp
INFO: [Device 21-403] Loading part xc7z020clg484-1
Netlist sorting complete. Time (s): cpu = 00:00:00 ; elapsed = 00:00:00.020 . Memory (MB): peak = 828.328 ; gain = 0.000
INFO: [Netlist 29-17] Analyzing 6 Unisim elements for replacement
INFO: [Netlist 29-28] Unisim Transformation completed in 0 CPU seconds
INFO: [Project 1-479] Netlist was created with Vivado 2022.2
INFO: [Project 1-570] Preparing netlist for logic optimization
INFO: [Timing 38-478] Restoring timing data from binary archive.
INFO: [Timing 38-479] Binary timing data restore complete.
INFO: [Project 1-856] Restoring constraints from binary archive.
INFO: [Project 1-853] Binary constraint restore complete.
Reading XDEF placement.
Reading placer database...
Reading XDEF routing.
Read XDEF Files: Time (s): cpu = 00:00:00 ; elapsed = 00:00:00.263 . Memory (MB): peak = 1515.676 ; gain = 6.918
Restored from archive | CPU: 0.000000 secs | Memory: 0.000000 MB |
Finished XDEF File Restore: Time (s): cpu = 00:00:00 ; elapsed = 00:00:00.265 . Memory (MB): peak = 1515.676 ; gain = 6.918
Netlist sorting complete. Time (s): cpu = 00:00:00 ; elapsed = 00:00:00.001 . Memory (MB): peak = 1515.676 ; gain = 0.000
INFO: [Project 1-111] Unisim Transformation Summary:
No Unisim elements were transformed.

INFO: [Project 1-604] Checkpoint was created with Vivado v2022.2 (64-bit) build 3671981
OpenCheckpoint Checksum | Checksum: 102682128
----- Checksum: PlaceDB: af8420a8 ShapeSum: 3b2515dd RouteDB: 17beeaa3 
open_checkpoint: Time (s): cpu = 00:00:11 ; elapsed = 00:00:13 . Memory (MB): peak = 1515.676 ; gain = 1163.758
Command: write_bitstream -force led_test_system_wrapper.bit
Attempting to get a license for feature 'Implementation' and/or device 'xc7z020'
INFO: [Common 17-349] Got license for feature 'Implementation' and/or device 'xc7z020'
Running DRC as a precondition to command write_bitstream
INFO: [IP_Flow 19-234] Refreshing IP repositories
INFO: [IP_Flow 19-1704] No user IP repositories specified
INFO: [IP_Flow 19-2313] Loaded Vivado IP repository 'C:/APP/VIVADO/Vivado/2022.2/data/ip'.
INFO: [DRC 23-27] Running DRC with 2 threads
INFO: [Vivado 12-3199] DRC finished with 0 Errors
INFO: [Vivado 12-3200] Please refer to the DRC report (report_drc) for more information.
INFO: [Designutils 20-2272] Running write_bitstream with 2 threads.
Loading data files...
Loading site data...
Loading route data...
Processing options...
Creating bitmap...
Creating bitstream...
Writing bitstream ./led_test_system_wrapper.bit...
INFO: [Vivado 12-1842] Bitgen Completed Successfully.
INFO: [Project 1-1876] WebTalk data collection is mandatory when using a ULT device. To see the specific WebTalk data collected for your design, open the usage_statistics_webtalk.html or usage_statistics_webtalk.xml file in the implementation directory.
INFO: [Common 17-83] Releasing license: Implementation
22 Infos, 0 Warnings, 0 Critical Warnings and 0 Errors encountered.
write_bitstream completed successfully
write_bitstream: Time (s): cpu = 00:00:12 ; elapsed = 00:00:11 . Memory (MB): peak = 2017.387 ; gain = 501.711
INFO: [Common 17-206] Exiting Vivado at Mon Jun  1 14:29:13 2026...
