

================================================================
== Synthesis Summary Report of 'nco'
================================================================
+ General Information: 
    * Date:           Mon Jun  1 14:45:43 2026
    * Version:        2023.2 (Build 4023990 on Oct 11 2023)
    * Project:        hls_nco
    * Solution:       solution1 (Vivado IP Flow Target)
    * Product family: zynq
    * Target device:  xc7z020-clg484-1
    

+ Performance & Resource Estimates: 
    
    PS: '+' for module; 'o' for loop; '*' for dataflow
    +--------+------+------+---------+--------+----------+---------+------+----------+--------+----+----------+-----------+-----+
    | Modules| Issue|      | Latency | Latency| Iteration|         | Trip |          |        |    |          |           |     |
    | & Loops| Type | Slack| (cycles)|  (ns)  |  Latency | Interval| Count| Pipelined|  BRAM  | DSP|    FF    |    LUT    | URAM|
    +--------+------+------+---------+--------+----------+---------+------+----------+--------+----+----------+-----------+-----+
    |+ nco   |     -|  0.97|        1|  10.000|         -|        2|     -|        no|  4 (1%)|   -|  98 (~0%)|  141 (~0%)|    -|
    +--------+------+------+---------+--------+----------+---------+------+----------+--------+----+----------+-----------+-----+


================================================================
== HW Interfaces
================================================================
* S_AXILITE Interfaces
+---------------+------------+---------------+--------+----------+
| Interface     | Data Width | Address Width | Offset | Register |
+---------------+------------+---------------+--------+----------+
| s_axi_control | 32         | 6             | 16     | 0        |
+---------------+------------+---------------+--------+----------+

* S_AXILITE Registers
+---------------+------------------+--------+-------+--------+-------------------------------+----------------------+
| Interface     | Register         | Offset | Width | Access | Description                   | Bit Fields           |
+---------------+------------------+--------+-------+--------+-------------------------------+----------------------+
| s_axi_control | sine_sample      | 0x10   | 32    | R      | Data signal of sine_sample    |                      |
| s_axi_control | sine_sample_ctrl | 0x14   | 32    | R      | Control signal of sine_sample | 0=sine_sample_ap_vld |
| s_axi_control | step_size        | 0x20   | 32    | W      | Data signal of step_size      |                      |
+---------------+------------------+--------+-------+--------+-------------------------------+----------------------+

* TOP LEVEL CONTROL
+-----------+--------------+----------+
| Interface | Type         | Ports    |
+-----------+--------------+----------+
| ap_clk    | clock        | ap_clk   |
| ap_rst_n  | reset        | ap_rst_n |
| ap_ctrl   | ap_ctrl_none |          |
+-----------+--------------+----------+


================================================================
== SW I/O Information
================================================================
* Top Function Arguments
+-------------+-----------+---------------------------------------+
| Argument    | Direction | Datatype                              |
+-------------+-----------+---------------------------------------+
| sine_sample | out       | ap_fixed<16, 2, AP_TRN, AP_WRAP, 0>*  |
| step_size   | in        | ap_ufixed<16, 12, AP_TRN, AP_WRAP, 0> |
+-------------+-----------+---------------------------------------+

* SW-to-HW Mapping
+-------------+---------------+----------+--------------------------------------------+
| Argument    | HW Interface  | HW Type  | HW Info                                    |
+-------------+---------------+----------+--------------------------------------------+
| sine_sample | s_axi_control | register | name=sine_sample offset=0x10 range=32      |
| sine_sample | s_axi_control | register | name=sine_sample_ctrl offset=0x14 range=32 |
| step_size   | s_axi_control | register | name=step_size offset=0x20 range=32        |
+-------------+---------------+----------+--------------------------------------------+


================================================================
== Bind Op Report
================================================================
+----------------------+-----+--------+-----------+-----+--------+---------+
| Name                 | DSP | Pragma | Variable  | Op  | Impl   | Latency |
+----------------------+-----+--------+-----------+-----+--------+---------+
| + nco                | 0   |        |           |     |        |         |
|   add_ln430_fu_77_p2 |     |        | add_ln430 | add | fabric | 0       |
+----------------------+-----+--------+-----------+-----+--------+---------+


================================================================
== Storage Report
================================================================
+-------------------+-----------+-----------+------+------+--------+----------+------+---------+------------------+
| Name              | Usage     | Type      | BRAM | URAM | Pragma | Variable | Impl | Latency | Bitwidth, Depth, |
|                   |           |           |      |      |        |          |      |         | Banks            |
+-------------------+-----------+-----------+------+------+--------+----------+------+---------+------------------+
| + nco             |           |           | 4    | 0    |        |          |      |         |                  |
|   control_s_axi_U | interface | s_axilite |      |      |        |          |      |         |                  |
|   sine_lut_U      | rom_1p    |           | 4    |      |        | sine_lut | auto | 1       | 16, 4096, 1      |
+-------------------+-----------+-----------+------+------+--------+----------+------+---------+------------------+


================================================================
== Pragma Report
================================================================
* Valid Pragma Syntax
+-----------+----------------------------+---------------------------------------------------------+
| Type      | Options                    | Location                                                |
+-----------+----------------------------+---------------------------------------------------------+
| interface | s_axilite port=return      | hls_nco/solution1/directives.tcl:8 in nco, return       |
| interface | ap_ctrl_none port=return   | hls_nco/solution1/directives.tcl:9 in nco, return       |
| interface | s_axilite port=sine_sample | hls_nco/solution1/directives.tcl:10 in nco, sine_sample |
| interface | s_axilite port=step_size   | hls_nco/solution1/directives.tcl:11 in nco, step_size   |
+-----------+----------------------------+---------------------------------------------------------+


